#
# There is insufficient memory for the Java Runtime Environment to continue.
# Native memory allocation (malloc) failed to allocate 1048576 bytes. Error detail: AllocateHeap
# Possible reasons:
#   The system is out of physical RAM or swap space
#   This process is running with CompressedOops enabled, and the Java Heap may be blocking the growth of the native heap
# Possible solutions:
#   Reduce memory load on the system
#   Increase physical memory or swap space
#   Check if swap backing store is full
#   Decrease Java heap size (-Xmx/-Xms)
#   Decrease number of Java threads
#   Decrease Java thread stack sizes (-Xss)
#   Set larger code cache with -XX:ReservedCodeCacheSize=
#   JVM is running with Unscaled Compressed Oops mode in which the Java heap is
#     placed in the first 4GB address space. The Java Heap base address is the
#     maximum limit for the native heap growth. Please use -XX:HeapBaseMinAddress
#     to set the Java Heap base and to place the Java Heap above 4GB virtual address.
# This output file may be truncated or incomplete.
#
#  Out of Memory Error (allocation.cpp:44), pid=17996, tid=8536
#
# JRE version: OpenJDK Runtime Environment Temurin-21.0.9+10 (21.0.9+10) (build 21.0.9+10-LTS)
# Java VM: OpenJDK 64-Bit Server VM Temurin-21.0.9+10 (21.0.9+10-LTS, mixed mode, sharing, tiered, compressed oops, compressed class ptrs, parallel gc, windows-amd64)
# No core dump will be written. Minidumps are not enabled by default on client versions of Windows
#

---------------  S U M M A R Y ------------

Command Line: --add-modules=ALL-SYSTEM --add-opens=java.base/java.util=ALL-UNNAMED --add-opens=java.base/java.lang=ALL-UNNAMED --add-opens=java.base/sun.nio.fs=ALL-UNNAMED -Declipse.application=org.eclipse.jdt.ls.core.id1 -Dosgi.bundles.defaultStartLevel=4 -Declipse.product=org.eclipse.jdt.ls.core.product -Djava.import.generatesMetadataFilesAtProjectRoot=false -DDetectVMInstallationsJob.disabled=true -Dfile.encoding=utf8 -XX:+UseParallelGC -XX:GCTimeRatio=4 -XX:AdaptiveSizePolicyWeight=90 -Dsun.zip.disableMemoryMapping=true -Xmx2G -Xms100m -Xlog:disable -javaagent:c:\Users\narai\.antigravity\extensions\redhat.java-1.52.0-win32-x64\lombok\lombok-1.18.39-4050.jar -XX:+HeapDumpOnOutOfMemoryError -XX:HeapDumpPath=c:\Users\narai\AppData\Roaming\Antigravity\User\workspaceStorage\5dff2b6678840aed3e0db990261cec4c\redhat.java -Daether.dependencyCollector.impl=bf c:\Users\narai\.antigravity\extensions\redhat.java-1.52.0-win32-x64\server\plugins\org.eclipse.equinox.launcher_1.7.100.v20251111-0406.jar -configuration c:\Users\narai\AppData\Roaming\Antigravity\User\globalStorage\redhat.java\1.52.0\config_win -data c:\Users\narai\AppData\Roaming\Antigravity\User\workspaceStorage\5dff2b6678840aed3e0db990261cec4c\redhat.java\jdt_ws --pipe=\\.\pipe\lsp-07f527668d92a9c65e452b87d4bc1b99-sock

Host: AMD Ryzen 5 4500U with Radeon Graphics         , 6 cores, 31G,  Windows 11 , 64 bit Build 26100 (10.0.26100.7623)
Time: Fri Jan 30 13:35:29 2026 Eastern Standard Time elapsed time: 10147.103523 seconds (0d 2h 49m 7s)

---------------  T H R E A D  ---------------

Current thread (0x000001e9f4d59ff0):  JavaThread "Attach Listener" daemon [_thread_in_vm, id=8536, stack(0x0000004d86800000,0x0000004d86900000) (1024K)]

Stack: [0x0000004d86800000,0x0000004d86900000]
Native frames: (J=compiled Java code, j=interpreted, Vv=VM code, C=native code)
V  [jvm.dll+0x6d6e29]
V  [jvm.dll+0x8b4b76]
V  [jvm.dll+0x8b712e]
V  [jvm.dll+0x8b7813]
V  [jvm.dll+0x283d86]
V  [jvm.dll+0xc1277]
V  [jvm.dll+0x6d76d9]
V  [jvm.dll+0x133466]
V  [jvm.dll+0x3f7ea6]
V  [jvm.dll+0x85e9ad]
V  [jvm.dll+0x6d565d]
C  [ucrtbase.dll+0x37b0]
C  [KERNEL32.DLL+0x2e8d7]
C  [ntdll.dll+0x8c53c]


---------------  P R O C E S S  ---------------

Threads class SMR info:
_java_thread_list=0x000001e9fea84840, length=33, elements={
0x000001e9de2fb6f0, 0x000001e9de3b98c0, 0x000001e9de3bb2d0, 0x000001e9de3bca50,
0x000001e9f4d59ff0, 0x000001e9f4d5a8d0, 0x000001e9f4d634e0, 0x000001e9f4d69d70,
0x000001e9f4d6dc50, 0x000001e9fa1f54b0, 0x000001e9fa2d4820, 0x000001e9fabeb900,
0x000001e9fad60080, 0x000001e9fa6b6140, 0x000001e9fa7d70e0, 0x000001e9fb1df730,
0x000001e9faa55d00, 0x000001e9fb2763c0, 0x000001e9fb400a40, 0x000001e9fb6b5d70,
0x000001e9fb6b6400, 0x000001e9fb6b6a90, 0x000001e9fb6b3ca0, 0x000001e9fb6b4330,
0x000001e9fb6b5050, 0x000001e9fb6b49c0, 0x000001e9fb09bd50, 0x000001e9fb09b6c0,
0x000001e9fb0988d0, 0x000001e9fb098f60, 0x000001e9fb0995f0, 0x000001e9fb09a9a0,
0x000001e9fb9b0560
}

Java Threads: ( => current thread )
  0x000001e9de2fb6f0 JavaThread "main"                              [_thread_blocked, id=20388, stack(0x0000004d86100000,0x0000004d86200000) (1024K)]
  0x000001e9de3b98c0 JavaThread "Reference Handler"          daemon [_thread_blocked, id=19948, stack(0x0000004d86500000,0x0000004d86600000) (1024K)]
  0x000001e9de3bb2d0 JavaThread "Finalizer"                  daemon [_thread_blocked, id=2804, stack(0x0000004d86600000,0x0000004d86700000) (1024K)]
  0x000001e9de3bca50 JavaThread "Signal Dispatcher"          daemon [_thread_blocked, id=20244, stack(0x0000004d86700000,0x0000004d86800000) (1024K)]
=>0x000001e9f4d59ff0 JavaThread "Attach Listener"            daemon [_thread_in_vm, id=8536, stack(0x0000004d86800000,0x0000004d86900000) (1024K)]
  0x000001e9f4d5a8d0 JavaThread "Service Thread"             daemon [_thread_blocked, id=13200, stack(0x0000004d86900000,0x0000004d86a00000) (1024K)]
  0x000001e9f4d634e0 JavaThread "Monitor Deflation Thread"   daemon [_thread_blocked, id=4048, stack(0x0000004d86a00000,0x0000004d86b00000) (1024K)]
  0x000001e9f4d69d70 JavaThread "C2 CompilerThread0"         daemon [_thread_blocked, id=5896, stack(0x0000004d86b00000,0x0000004d86c00000) (1024K)]
  0x000001e9f4d6dc50 JavaThread "C1 CompilerThread0"         daemon [_thread_blocked, id=20320, stack(0x0000004d86c00000,0x0000004d86d00000) (1024K)]
  0x000001e9fa1f54b0 JavaThread "Common-Cleaner"             daemon [_thread_blocked, id=17020, stack(0x0000004d86d00000,0x0000004d86e00000) (1024K)]
  0x000001e9fa2d4820 JavaThread "Notification Thread"        daemon [_thread_blocked, id=19576, stack(0x0000004d86e00000,0x0000004d86f00000) (1024K)]
  0x000001e9fabeb900 JavaThread "Active Thread: Equinox Container: a950feca-81d9-4140-bfbf-965c812a5344"        [_thread_blocked, id=16720, stack(0x0000004d87500000,0x0000004d87600000) (1024K)]
  0x000001e9fad60080 JavaThread "Refresh Thread: Equinox Container: a950feca-81d9-4140-bfbf-965c812a5344" daemon [_thread_blocked, id=13052, stack(0x0000004d87600000,0x0000004d87700000) (1024K)]
  0x000001e9fa6b6140 JavaThread "Framework Event Dispatcher: Equinox Container: a950feca-81d9-4140-bfbf-965c812a5344" daemon [_thread_blocked, id=10320, stack(0x0000004d86f00000,0x0000004d87000000) (1024K)]
  0x000001e9fa7d70e0 JavaThread "Start Level: Equinox Container: a950feca-81d9-4140-bfbf-965c812a5344" daemon [_thread_blocked, id=10564, stack(0x0000004d87700000,0x0000004d87800000) (1024K)]
  0x000001e9fb1df730 JavaThread "Bundle File Closer"         daemon [_thread_blocked, id=4480, stack(0x0000004d87900000,0x0000004d87a00000) (1024K)]
  0x000001e9faa55d00 JavaThread "SCR Component Actor"        daemon [_thread_blocked, id=18556, stack(0x0000004d87800000,0x0000004d87900000) (1024K)]
  0x000001e9fb2763c0 JavaThread "Worker-JM"                         [_thread_blocked, id=13420, stack(0x0000004d87a00000,0x0000004d87b00000) (1024K)]
  0x000001e9fb400a40 JavaThread "JNA Cleaner"                daemon [_thread_blocked, id=9708, stack(0x0000004d87c00000,0x0000004d87d00000) (1024K)]
  0x000001e9fb6b5d70 JavaThread "Worker-0"                          [_thread_blocked, id=11864, stack(0x0000004d87d00000,0x0000004d87e00000) (1024K)]
  0x000001e9fb6b6400 JavaThread "Java indexing"              daemon [_thread_blocked, id=2812, stack(0x0000004d87f00000,0x0000004d88000000) (1024K)]
  0x000001e9fb6b6a90 JavaThread "Worker-2"                          [_thread_blocked, id=15952, stack(0x0000004d88200000,0x0000004d88300000) (1024K)]
  0x000001e9fb6b3ca0 JavaThread "Thread-1"                   daemon [_thread_in_native, id=17772, stack(0x0000004d88400000,0x0000004d88500000) (1024K)]
  0x000001e9fb6b4330 JavaThread "Thread-2"                   daemon [_thread_in_native, id=14920, stack(0x0000004d88500000,0x0000004d88600000) (1024K)]
  0x000001e9fb6b5050 JavaThread "Thread-3"                   daemon [_thread_in_native, id=18568, stack(0x0000004d88600000,0x0000004d88700000) (1024K)]
  0x000001e9fb6b49c0 JavaThread "Thread-4"                   daemon [_thread_in_native, id=120, stack(0x0000004d88700000,0x0000004d88800000) (1024K)]
  0x000001e9fb09bd50 JavaThread "Thread-5"                   daemon [_thread_in_native, id=1340, stack(0x0000004d88800000,0x0000004d88900000) (1024K)]
  0x000001e9fb09b6c0 JavaThread "Thread-6"                   daemon [_thread_in_native, id=13472, stack(0x0000004d88900000,0x0000004d88a00000) (1024K)]
  0x000001e9fb0988d0 JavaThread "Thread-7"                   daemon [_thread_in_native, id=14576, stack(0x0000004d88a00000,0x0000004d88b00000) (1024K)]
  0x000001e9fb098f60 JavaThread "pool-2-thread-1"                   [_thread_blocked, id=12020, stack(0x0000004d88b00000,0x0000004d88c00000) (1024K)]
  0x000001e9fb0995f0 JavaThread "WorkspaceEventsHandler"            [_thread_blocked, id=6616, stack(0x0000004d88c00000,0x0000004d88d00000) (1024K)]
  0x000001e9fb09a9a0 JavaThread "pool-1-thread-1"                   [_thread_blocked, id=2088, stack(0x0000004d88d00000,0x0000004d88e00000) (1024K)]
  0x000001e9fb9b0560 JavaThread "Timer-0"                           [_thread_blocked, id=4496, stack(0x0000004d89100000,0x0000004d89200000) (1024K)]
Total: 33

Other Threads:
  0x000001e9de39fa90 VMThread "VM Thread"                           [id=15812, stack(0x0000004d86400000,0x0000004d86500000) (1024K)]
  0x000001e9de36be30 WatcherThread "VM Periodic Task Thread"        [id=9664, stack(0x0000004d86300000,0x0000004d86400000) (1024K)]
  0x000001e9de31ad20 WorkerThread "GC Thread#0"                     [id=2164, stack(0x0000004d86200000,0x0000004d86300000) (1024K)]
  0x000001e9fa688ab0 WorkerThread "GC Thread#1"                     [id=18852, stack(0x0000004d87000000,0x0000004d87100000) (1024K)]
  0x000001e9fa6891f0 WorkerThread "GC Thread#2"                     [id=11380, stack(0x0000004d87100000,0x0000004d87200000) (1024K)]
  0x000001e9fa688e50 WorkerThread "GC Thread#3"                     [id=8912, stack(0x0000004d87200000,0x0000004d87300000) (1024K)]
  0x000001e9fa689590 WorkerThread "GC Thread#4"                     [id=20404, stack(0x0000004d87300000,0x0000004d87400000) (1024K)]
  0x000001e9fa689930 WorkerThread "GC Thread#5"                     [id=7180, stack(0x0000004d87400000,0x0000004d87500000) (1024K)]
Total: 8

Threads with active compile tasks:
Total: 0

VM state: not at safepoint (normal execution)

VM Mutex/Monitor currently owned by a thread: None

Heap address: 0x0000000080000000, size: 2048 MB, Compressed Oops mode: 32-bit

CDS archive(s) mapped at: [0x000001e980000000-0x000001e980ba0000-0x000001e980ba0000), size 12189696, SharedBaseAddress: 0x000001e980000000, ArchiveRelocationMode: 1.
Compressed class space mapped at: 0x000001e981000000-0x000001e9c1000000, reserved size: 1073741824
Narrow klass base: 0x000001e980000000, Narrow klass shift: 0, Narrow klass range: 0x100000000

GC Precious Log:
 CardTable entry size: 512
 CPUs: 6 total, 6 available
 Memory: 32115M
 Large Page Support: Disabled
 NUMA Support: Disabled
 Compressed Oops: Enabled (32-bit)
 Alignments: Space 512K, Generation 512K, Heap 2M
 Heap Min Capacity: 100M
 Heap Initial Capacity: 100M
 Heap Max Capacity: 2G
 Pre-touch: Disabled
 Parallel Workers: 6

Heap:
 PSYoungGen      total 8192K, used 8065K [0x00000000d5580000, 0x00000000d6300000, 0x0000000100000000)
  eden space 7168K, 98% used [0x00000000d5580000,0x00000000d5c68e38,0x00000000d5c80000)
  from space 1024K, 96% used [0x00000000d5c80000,0x00000000d5d77868,0x00000000d5d80000)
  to   space 2560K, 0% used [0x00000000d6080000,0x00000000d6080000,0x00000000d6300000)
 ParOldGen       total 117760K, used 117612K [0x0000000080000000, 0x0000000087300000, 0x00000000d5580000)
  object space 117760K, 99% used [0x0000000080000000,0x00000000872db2a0,0x0000000087300000)
 Metaspace       used 59194K, committed 60480K, reserved 1114112K
  class space    used 6947K, committed 7488K, reserved 1048576K

Card table byte_map: [0x000001e9ddcc0000,0x000001e9de0d0000] _byte_map_base: 0x000001e9dd8c0000

Marking Bits: (ParMarkBitMap*) 0x00007fff034f2460
 Begin Bits: [0x000001e9f07b0000, 0x000001e9f27b0000)
 End Bits:   [0x000001e9f27b0000, 0x000001e9f47b0000)

Polling page: 0x000001e9dc580000

Metaspace:

Usage:
  Non-class:     51.02 MB used.
      Class:      6.79 MB used.
       Both:     57.81 MB used.

Virtual space:
  Non-class space:       64.00 MB reserved,      51.75 MB ( 81%) committed,  1 nodes.
      Class space:        1.00 GB reserved,       7.31 MB ( <1%) committed,  1 nodes.
             Both:        1.06 GB reserved,      59.06 MB (  5%) committed. 

Chunk freelists:
   Non-Class:  11.86 MB
       Class:  8.67 MB
        Both:  20.53 MB

MaxMetaspaceSize: unlimited
CompressedClassSpaceSize: 1.00 GB
Initial GC threshold: 21.00 MB
Current GC threshold: 97.31 MB
CDS: on
 - commit_granule_bytes: 65536.
 - commit_granule_words: 8192.
 - virtual_space_node_default_size: 8388608.
 - enlarge_chunks_in_place: 1.
 - use_allocation_guard: 0.


Internal statistics:

num_allocs_failed_limit: 9.
num_arena_births: 1034.
num_arena_deaths: 14.
num_vsnodes_births: 2.
num_vsnodes_deaths: 0.
num_space_committed: 945.
num_space_uncommitted: 0.
num_chunks_returned_to_freelist: 23.
num_chunks_taken_from_freelist: 3622.
num_chunk_merges: 12.
num_chunk_splits: 2319.
num_chunks_enlarged: 1486.
num_inconsistent_stats: 0.

CodeHeap 'non-profiled nmethods': size=120000Kb used=5060Kb max_used=5060Kb free=114939Kb
 bounds [0x000001e9e8fd0000, 0x000001e9e94d0000, 0x000001e9f0500000]
CodeHeap 'profiled nmethods': size=120000Kb used=15684Kb max_used=15720Kb free=104315Kb
 bounds [0x000001e9e1500000, 0x000001e9e2470000, 0x000001e9e8a30000]
CodeHeap 'non-nmethods': size=5760Kb used=1392Kb max_used=1468Kb free=4367Kb
 bounds [0x000001e9e8a30000, 0x000001e9e8ca0000, 0x000001e9e8fd0000]
CodeCache: size=245760Kb, used=22136Kb, max_used=22248Kb, free=223621Kb
 total_blobs=8305, nmethods=7610, adapters=601, full_count=0
Compilation: enabled, stopped_count=0, restarted_count=0

Compilation events (20 events):
Event: 7503.712 Thread 0x000001e9f4d6dc50 8368       3       org.eclipse.osgi.storage.Storage::isReadOnly (10 bytes)
Event: 7503.719 Thread 0x000001e9f4d6dc50 nmethod 8368 0x000001e9e1e00790 code [0x000001e9e1e00940, 0x000001e9e1e00ac0]
Event: 7505.663 Thread 0x000001e9f4d6dc50 8369       1       org.eclipse.core.internal.jobs.InternalJob::setStartTime (6 bytes)
Event: 7505.664 Thread 0x000001e9f4d6dc50 nmethod 8369 0x000001e9e94c0590 code [0x000001e9e94c0720, 0x000001e9e94c0800]
Event: 7683.777 Thread 0x000001e9f4d6dc50 8370   !   3       org.eclipse.osgi.internal.framework.StorageSaver$StorageSaverTask::run (31 bytes)
Event: 7683.806 Thread 0x000001e9f4d6dc50 nmethod 8370 0x000001e9e1e00190 code [0x000001e9e1e00360, 0x000001e9e1e00600]
Event: 7683.806 Thread 0x000001e9f4d6dc50 8371   !   3       org.eclipse.osgi.storage.Storage::save (62 bytes)
Event: 7683.811 Thread 0x000001e9f4d6dc50 nmethod 8371 0x000001e9e1dffa90 code [0x000001e9e1dffc80, 0x000001e9e1dffff0]
Event: 7712.570 Thread 0x000001e9f4d69d70 8372       4       java.util.concurrent.TimeUnit::toNanos (45 bytes)
Event: 7712.571 Thread 0x000001e9f4d69d70 nmethod 8372 0x000001e9e94c0890 code [0x000001e9e94c0a20, 0x000001e9e94c0b18]
Event: 8405.704 Thread 0x000001e9f4d6dc50 8373       3       java.lang.Long::formatUnsignedLong0 (47 bytes)
Event: 8405.711 Thread 0x000001e9f4d6dc50 nmethod 8373 0x000001e9e1dff590 code [0x000001e9e1dff740, 0x000001e9e1dff940]
Event: 9305.721 Thread 0x000001e9f4d6dc50 8374       3       org.eclipse.core.runtime.jobs.Job::getRule (5 bytes)
Event: 9305.728 Thread 0x000001e9f4d6dc50 nmethod 8374 0x000001e9e1dff210 code [0x000001e9e1dff3a0, 0x000001e9e1dff4c0]
Event: 9305.728 Thread 0x000001e9f4d6dc50 8375       3       org.eclipse.core.internal.jobs.InternalJob::internalGetState (9 bytes)
Event: 9305.729 Thread 0x000001e9f4d6dc50 nmethod 8375 0x000001e9e1dfee90 code [0x000001e9e1dff020, 0x000001e9e1dff130]
Event: 9514.351 Thread 0x000001e9f4d69d70 8376       4       java.util.concurrent.ThreadPoolExecutor::beforeExecute (1 bytes)
Event: 9514.356 Thread 0x000001e9f4d69d70 nmethod 8376 0x000001e9e94c0c10 code [0x000001e9e94c0da0, 0x000001e9e94c0e28]
Event: 9574.198 Thread 0x000001e9f4d69d70 8377       4       java.util.concurrent.ThreadPoolExecutor::afterExecute (1 bytes)
Event: 9574.199 Thread 0x000001e9f4d69d70 nmethod 8377 0x000001e9e94c0f10 code [0x000001e9e94c10a0, 0x000001e9e94c1128]

GC Heap History (20 events):
Event: 355.026 GC heap before
{Heap before GC invocations=67 (full 3):
 PSYoungGen      total 11264K, used 11241K [0x00000000d5580000, 0x00000000d6e00000, 0x0000000100000000)
  eden space 8704K, 100% used [0x00000000d5580000,0x00000000d5e00000,0x00000000d5e00000)
  from space 2560K, 99% used [0x00000000d6180000,0x00000000d63fa540,0x00000000d6400000)
  to   space 8192K, 0% used [0x00000000d6600000,0x00000000d6600000,0x00000000d6e00000)
 ParOldGen       total 94720K, used 94394K [0x0000000080000000, 0x0000000085c80000, 0x00000000d5580000)
  object space 94720K, 99% used [0x0000000080000000,0x0000000085c2e850,0x0000000085c80000)
 Metaspace       used 58677K, committed 59904K, reserved 1114112K
  class space    used 6902K, committed 7424K, reserved 1048576K
}
Event: 355.027 GC heap after
{Heap after GC invocations=67 (full 3):
 PSYoungGen      total 9728K, used 990K [0x00000000d5580000, 0x00000000d6700000, 0x0000000100000000)
  eden space 8704K, 0% used [0x00000000d5580000,0x00000000d5580000,0x00000000d5e00000)
  from space 1024K, 96% used [0x00000000d6600000,0x00000000d66f7868,0x00000000d6700000)
  to   space 3584K, 0% used [0x00000000d6000000,0x00000000d6000000,0x00000000d6380000)
 ParOldGen       total 96768K, used 96626K [0x0000000080000000, 0x0000000085e80000, 0x00000000d5580000)
  object space 96768K, 99% used [0x0000000080000000,0x0000000085e5c850,0x0000000085e80000)
 Metaspace       used 58677K, committed 59904K, reserved 1114112K
  class space    used 6902K, committed 7424K, reserved 1048576K
}
Event: 355.104 GC heap before
{Heap before GC invocations=68 (full 3):
 PSYoungGen      total 9728K, used 9694K [0x00000000d5580000, 0x00000000d6700000, 0x0000000100000000)
  eden space 8704K, 100% used [0x00000000d5580000,0x00000000d5e00000,0x00000000d5e00000)
  from space 1024K, 96% used [0x00000000d6600000,0x00000000d66f7868,0x00000000d6700000)
  to   space 3584K, 0% used [0x00000000d6000000,0x00000000d6000000,0x00000000d6380000)
 ParOldGen       total 96768K, used 96626K [0x0000000080000000, 0x0000000085e80000, 0x00000000d5580000)
  object space 96768K, 99% used [0x0000000080000000,0x0000000085e5c850,0x0000000085e80000)
 Metaspace       used 58677K, committed 59904K, reserved 1114112K
  class space    used 6902K, committed 7424K, reserved 1048576K
}
Event: 355.106 GC heap after
{Heap after GC invocations=68 (full 3):
 PSYoungGen      total 12288K, used 3575K [0x00000000d5580000, 0x00000000d6b00000, 0x0000000100000000)
  eden space 8704K, 0% used [0x00000000d5580000,0x00000000d5580000,0x00000000d5e00000)
  from space 3584K, 99% used [0x00000000d6000000,0x00000000d637dd20,0x00000000d6380000)
  to   space 6656K, 0% used [0x00000000d6480000,0x00000000d6480000,0x00000000d6b00000)
 ParOldGen       total 98816K, used 98530K [0x0000000080000000, 0x0000000086080000, 0x00000000d5580000)
  object space 98816K, 99% used [0x0000000080000000,0x0000000086038850,0x0000000086080000)
 Metaspace       used 58677K, committed 59904K, reserved 1114112K
  class space    used 6902K, committed 7424K, reserved 1048576K
}
Event: 355.111 GC heap before
{Heap before GC invocations=69 (full 3):
 PSYoungGen      total 12288K, used 12279K [0x00000000d5580000, 0x00000000d6b00000, 0x0000000100000000)
  eden space 8704K, 100% used [0x00000000d5580000,0x00000000d5e00000,0x00000000d5e00000)
  from space 3584K, 99% used [0x00000000d6000000,0x00000000d637dd20,0x00000000d6380000)
  to   space 6656K, 0% used [0x00000000d6480000,0x00000000d6480000,0x00000000d6b00000)
 ParOldGen       total 98816K, used 98530K [0x0000000080000000, 0x0000000086080000, 0x00000000d5580000)
  object space 98816K, 99% used [0x0000000080000000,0x0000000086038850,0x0000000086080000)
 Metaspace       used 58677K, committed 59904K, reserved 1114112K
  class space    used 6902K, committed 7424K, reserved 1048576K
}
Event: 355.114 GC heap after
{Heap after GC invocations=69 (full 3):
 PSYoungGen      total 12288K, used 3552K [0x00000000d5580000, 0x00000000d6800000, 0x0000000100000000)
  eden space 8704K, 0% used [0x00000000d5580000,0x00000000d5580000,0x00000000d5e00000)
  from space 3584K, 99% used [0x00000000d6480000,0x00000000d67f8000,0x00000000d6800000)
  to   space 4608K, 0% used [0x00000000d5f00000,0x00000000d5f00000,0x00000000d6380000)
 ParOldGen       total 102400K, used 101980K [0x0000000080000000, 0x0000000086400000, 0x00000000d5580000)
  object space 102400K, 99% used [0x0000000080000000,0x00000000863972d0,0x0000000086400000)
 Metaspace       used 58677K, committed 59904K, reserved 1114112K
  class space    used 6902K, committed 7424K, reserved 1048576K
}
Event: 355.324 GC heap before
{Heap before GC invocations=70 (full 3):
 PSYoungGen      total 12288K, used 12256K [0x00000000d5580000, 0x00000000d6800000, 0x0000000100000000)
  eden space 8704K, 100% used [0x00000000d5580000,0x00000000d5e00000,0x00000000d5e00000)
  from space 3584K, 99% used [0x00000000d6480000,0x00000000d67f8000,0x00000000d6800000)
  to   space 4608K, 0% used [0x00000000d5f00000,0x00000000d5f00000,0x00000000d6380000)
 ParOldGen       total 102400K, used 101980K [0x0000000080000000, 0x0000000086400000, 0x00000000d5580000)
  object space 102400K, 99% used [0x0000000080000000,0x00000000863972d0,0x0000000086400000)
 Metaspace       used 58677K, committed 59904K, reserved 1114112K
  class space    used 6902K, committed 7424K, reserved 1048576K
}
Event: 355.327 GC heap after
{Heap after GC invocations=70 (full 3):
 PSYoungGen      total 10752K, used 1865K [0x00000000d5580000, 0x00000000d6500000, 0x0000000100000000)
  eden space 8704K, 0% used [0x00000000d5580000,0x00000000d5580000,0x00000000d5e00000)
  from space 2048K, 91% used [0x00000000d5f00000,0x00000000d60d2540,0x00000000d6100000)
  to   space 3072K, 0% used [0x00000000d6200000,0x00000000d6200000,0x00000000d6500000)
 ParOldGen       total 102912K, used 102652K [0x0000000080000000, 0x0000000086480000, 0x00000000d5580000)
  object space 102912K, 99% used [0x0000000080000000,0x000000008643f2d0,0x0000000086480000)
 Metaspace       used 58677K, committed 59904K, reserved 1114112K
  class space    used 6902K, committed 7424K, reserved 1048576K
}
Event: 355.343 GC heap before
{Heap before GC invocations=71 (full 3):
 PSYoungGen      total 10752K, used 10569K [0x00000000d5580000, 0x00000000d6500000, 0x0000000100000000)
  eden space 8704K, 100% used [0x00000000d5580000,0x00000000d5e00000,0x00000000d5e00000)
  from space 2048K, 91% used [0x00000000d5f00000,0x00000000d60d2540,0x00000000d6100000)
  to   space 3072K, 0% used [0x00000000d6200000,0x00000000d6200000,0x00000000d6500000)
 ParOldGen       total 102912K, used 102652K [0x0000000080000000, 0x0000000086480000, 0x00000000d5580000)
  object space 102912K, 99% used [0x0000000080000000,0x000000008643f2d0,0x0000000086480000)
 Metaspace       used 58677K, committed 59904K, reserved 1114112K
  class space    used 6902K, committed 7424K, reserved 1048576K
}
Event: 355.346 GC heap after
{Heap after GC invocations=71 (full 3):
 PSYoungGen      total 9216K, used 3058K [0x00000000d5580000, 0x00000000d6b00000, 0x0000000100000000)
  eden space 6144K, 0% used [0x00000000d5580000,0x00000000d5580000,0x00000000d5b80000)
  from space 3072K, 99% used [0x00000000d6200000,0x00000000d64fca80,0x00000000d6500000)
  to   space 6656K, 0% used [0x00000000d5b80000,0x00000000d5b80000,0x00000000d6200000)
 ParOldGen       total 105472K, used 105300K [0x0000000080000000, 0x0000000086700000, 0x00000000d5580000)
  object space 105472K, 99% used [0x0000000080000000,0x00000000866d52d0,0x0000000086700000)
 Metaspace       used 58677K, committed 59904K, reserved 1114112K
  class space    used 6902K, committed 7424K, reserved 1048576K
}
Event: 355.349 GC heap before
{Heap before GC invocations=72 (full 3):
 PSYoungGen      total 9216K, used 9202K [0x00000000d5580000, 0x00000000d6b00000, 0x0000000100000000)
  eden space 6144K, 100% used [0x00000000d5580000,0x00000000d5b80000,0x00000000d5b80000)
  from space 3072K, 99% used [0x00000000d6200000,0x00000000d64fca80,0x00000000d6500000)
  to   space 6656K, 0% used [0x00000000d5b80000,0x00000000d5b80000,0x00000000d6200000)
 ParOldGen       total 105472K, used 105300K [0x0000000080000000, 0x0000000086700000, 0x00000000d5580000)
  object space 105472K, 99% used [0x0000000080000000,0x00000000866d52d0,0x0000000086700000)
 Metaspace       used 58677K, committed 59904K, reserved 1114112K
  class space    used 6902K, committed 7424K, reserved 1048576K
}
Event: 355.352 GC heap after
{Heap after GC invocations=72 (full 3):
 PSYoungGen      total 8704K, used 2272K [0x00000000d5580000, 0x00000000d6400000, 0x0000000100000000)
  eden space 6144K, 0% used [0x00000000d5580000,0x00000000d5580000,0x00000000d5b80000)
  from space 2560K, 88% used [0x00000000d5b80000,0x00000000d5db8000,0x00000000d5e00000)
  to   space 3584K, 0% used [0x00000000d6080000,0x00000000d6080000,0x00000000d6400000)
 ParOldGen       total 108544K, used 108395K [0x0000000080000000, 0x0000000086a00000, 0x00000000d5580000)
  object space 108544K, 99% used [0x0000000080000000,0x00000000869dad60,0x0000000086a00000)
 Metaspace       used 58677K, committed 59904K, reserved 1114112K
  class space    used 6902K, committed 7424K, reserved 1048576K
}
Event: 355.357 GC heap before
{Heap before GC invocations=73 (full 3):
 PSYoungGen      total 8704K, used 8416K [0x00000000d5580000, 0x00000000d6400000, 0x0000000100000000)
  eden space 6144K, 100% used [0x00000000d5580000,0x00000000d5b80000,0x00000000d5b80000)
  from space 2560K, 88% used [0x00000000d5b80000,0x00000000d5db8000,0x00000000d5e00000)
  to   space 3584K, 0% used [0x00000000d6080000,0x00000000d6080000,0x00000000d6400000)
 ParOldGen       total 108544K, used 108395K [0x0000000080000000, 0x0000000086a00000, 0x00000000d5580000)
  object space 108544K, 99% used [0x0000000080000000,0x00000000869dad60,0x0000000086a00000)
 Metaspace       used 58677K, committed 59904K, reserved 1114112K
  class space    used 6902K, committed 7424K, reserved 1048576K
}
Event: 355.358 GC heap after
{Heap after GC invocations=73 (full 3):
 PSYoungGen      total 8192K, used 254K [0x00000000d5580000, 0x00000000d6100000, 0x0000000100000000)
  eden space 7680K, 0% used [0x00000000d5580000,0x00000000d5580000,0x00000000d5d00000)
  from space 512K, 49% used [0x00000000d6080000,0x00000000d60bf868,0x00000000d6100000)
  to   space 1536K, 0% used [0x00000000d5e00000,0x00000000d5e00000,0x00000000d5f80000)
 ParOldGen       total 111104K, used 110611K [0x0000000080000000, 0x0000000086c80000, 0x00000000d5580000)
  object space 111104K, 99% used [0x0000000080000000,0x0000000086c04d60,0x0000000086c80000)
 Metaspace       used 58677K, committed 59904K, reserved 1114112K
  class space    used 6902K, committed 7424K, reserved 1048576K
}
Event: 355.478 GC heap before
{Heap before GC invocations=74 (full 3):
 PSYoungGen      total 8192K, used 7934K [0x00000000d5580000, 0x00000000d6100000, 0x0000000100000000)
  eden space 7680K, 100% used [0x00000000d5580000,0x00000000d5d00000,0x00000000d5d00000)
  from space 512K, 49% used [0x00000000d6080000,0x00000000d60bf868,0x00000000d6100000)
  to   space 1536K, 0% used [0x00000000d5e00000,0x00000000d5e00000,0x00000000d5f80000)
 ParOldGen       total 111104K, used 110611K [0x0000000080000000, 0x0000000086c80000, 0x00000000d5580000)
  object space 111104K, 99% used [0x0000000080000000,0x0000000086c04d60,0x0000000086c80000)
 Metaspace       used 58677K, committed 59904K, reserved 1114112K
  class space    used 6902K, committed 7424K, reserved 1048576K
}
Event: 355.480 GC heap after
{Heap after GC invocations=74 (full 3):
 PSYoungGen      total 9216K, used 1513K [0x00000000d5580000, 0x00000000d6500000, 0x0000000100000000)
  eden space 7680K, 0% used [0x00000000d5580000,0x00000000d5580000,0x00000000d5d00000)
  from space 1536K, 98% used [0x00000000d5e00000,0x00000000d5f7a540,0x00000000d5f80000)
  to   space 4096K, 0% used [0x00000000d6100000,0x00000000d6100000,0x00000000d6500000)
 ParOldGen       total 112640K, used 112499K [0x0000000080000000, 0x0000000086e00000, 0x00000000d5580000)
  object space 112640K, 99% used [0x0000000080000000,0x0000000086ddcd60,0x0000000086e00000)
 Metaspace       used 58677K, committed 59904K, reserved 1114112K
  class space    used 6902K, committed 7424K, reserved 1048576K
}
Event: 355.486 GC heap before
{Heap before GC invocations=75 (full 3):
 PSYoungGen      total 9216K, used 9193K [0x00000000d5580000, 0x00000000d6500000, 0x0000000100000000)
  eden space 7680K, 100% used [0x00000000d5580000,0x00000000d5d00000,0x00000000d5d00000)
  from space 1536K, 98% used [0x00000000d5e00000,0x00000000d5f7a540,0x00000000d5f80000)
  to   space 4096K, 0% used [0x00000000d6100000,0x00000000d6100000,0x00000000d6500000)
 ParOldGen       total 112640K, used 112499K [0x0000000080000000, 0x0000000086e00000, 0x00000000d5580000)
  object space 112640K, 99% used [0x0000000080000000,0x0000000086ddcd60,0x0000000086e00000)
 Metaspace       used 58677K, committed 59904K, reserved 1114112K
  class space    used 6902K, committed 7424K, reserved 1048576K
}
Event: 355.488 GC heap after
{Heap after GC invocations=75 (full 3):
 PSYoungGen      total 11264K, used 4009K [0x00000000d5580000, 0x00000000d6780000, 0x0000000100000000)
  eden space 7168K, 0% used [0x00000000d5580000,0x00000000d5580000,0x00000000d5c80000)
  from space 4096K, 97% used [0x00000000d6100000,0x00000000d64ea540,0x00000000d6500000)
  to   space 4608K, 0% used [0x00000000d5c80000,0x00000000d5c80000,0x00000000d6100000)
 ParOldGen       total 114176K, used 114036K [0x0000000080000000, 0x0000000086f80000, 0x00000000d5580000)
  object space 114176K, 99% used [0x0000000080000000,0x0000000086f5d2a0,0x0000000086f80000)
 Metaspace       used 58677K, committed 59904K, reserved 1114112K
  class space    used 6902K, committed 7424K, reserved 1048576K
}
Event: 355.493 GC heap before
{Heap before GC invocations=76 (full 3):
 PSYoungGen      total 11264K, used 11177K [0x00000000d5580000, 0x00000000d6780000, 0x0000000100000000)
  eden space 7168K, 100% used [0x00000000d5580000,0x00000000d5c80000,0x00000000d5c80000)
  from space 4096K, 97% used [0x00000000d6100000,0x00000000d64ea540,0x00000000d6500000)
  to   space 4608K, 0% used [0x00000000d5c80000,0x00000000d5c80000,0x00000000d6100000)
 ParOldGen       total 114176K, used 114036K [0x0000000080000000, 0x0000000086f80000, 0x00000000d5580000)
  object space 114176K, 99% used [0x0000000080000000,0x0000000086f5d2a0,0x0000000086f80000)
 Metaspace       used 58677K, committed 59904K, reserved 1114112K
  class space    used 6902K, committed 7424K, reserved 1048576K
}
Event: 355.496 GC heap after
{Heap after GC invocations=76 (full 3):
 PSYoungGen      total 8192K, used 990K [0x00000000d5580000, 0x00000000d6300000, 0x0000000100000000)
  eden space 7168K, 0% used [0x00000000d5580000,0x00000000d5580000,0x00000000d5c80000)
  from space 1024K, 96% used [0x00000000d5c80000,0x00000000d5d77868,0x00000000d5d80000)
  to   space 2560K, 0% used [0x00000000d6080000,0x00000000d6080000,0x00000000d6300000)
 ParOldGen       total 117760K, used 117612K [0x0000000080000000, 0x0000000087300000, 0x00000000d5580000)
  object space 117760K, 99% used [0x0000000080000000,0x00000000872db2a0,0x0000000087300000)
 Metaspace       used 58677K, committed 59904K, reserved 1114112K
  class space    used 6902K, committed 7424K, reserved 1048576K
}

Dll operation events (13 events):
Event: 0.220 Loaded shared library c:\Users\narai\.antigravity\extensions\redhat.java-1.52.0-win32-x64\jre\21.0.9-win32-x86_64\bin\java.dll
Event: 0.341 Loaded shared library c:\Users\narai\.antigravity\extensions\redhat.java-1.52.0-win32-x64\jre\21.0.9-win32-x86_64\bin\zip.dll
Event: 0.365 Loaded shared library C:\Users\narai\.antigravity\extensions\redhat.java-1.52.0-win32-x64\jre\21.0.9-win32-x86_64\bin\instrument.dll
Event: 0.386 Loaded shared library C:\Users\narai\.antigravity\extensions\redhat.java-1.52.0-win32-x64\jre\21.0.9-win32-x86_64\bin\net.dll
Event: 0.436 Loaded shared library C:\Users\narai\.antigravity\extensions\redhat.java-1.52.0-win32-x64\jre\21.0.9-win32-x86_64\bin\nio.dll
Event: 0.439 Loaded shared library C:\Users\narai\.antigravity\extensions\redhat.java-1.52.0-win32-x64\jre\21.0.9-win32-x86_64\bin\zip.dll
Event: 0.460 Loaded shared library C:\Users\narai\.antigravity\extensions\redhat.java-1.52.0-win32-x64\jre\21.0.9-win32-x86_64\bin\jimage.dll
Event: 0.575 Loaded shared library c:\Users\narai\.antigravity\extensions\redhat.java-1.52.0-win32-x64\jre\21.0.9-win32-x86_64\bin\verify.dll
Event: 2.205 Loaded shared library C:\Users\narai\AppData\Roaming\Antigravity\User\globalStorage\redhat.java\1.52.0\config_win\org.eclipse.equinox.launcher\org.eclipse.equinox.launcher.win32.win32.x86_64_1.2.1500.v20260121-1430\eclipse_11919.dll
Event: 5.405 Loaded shared library C:\Users\narai\AppData\Local\Temp\jna-104589703\jna3069585933517089666.dll
Event: 9.227 Loaded shared library C:\Users\narai\.gradle\native\1def1411415f61bf3af743bc5b6707747c0891f09f0c88961ee8f79bc544acac\windows-amd64\native-platform.dll
Event: 10.429 Loaded shared library C:\Users\narai\.antigravity\extensions\redhat.java-1.52.0-win32-x64\jre\21.0.9-win32-x86_64\bin\management.dll
Event: 10.435 Loaded shared library C:\Users\narai\.antigravity\extensions\redhat.java-1.52.0-win32-x64\jre\21.0.9-win32-x86_64\bin\management_ext.dll

Deoptimization events (20 events):
Event: 1205.575 Thread 0x000001e9fb6b5d70 Uncommon trap: trap_request=0xffffff45 fr.pc=0x000001e9e914ac54 relative=0x00000000000007f4
Event: 1205.575 Thread 0x000001e9fb6b5d70 Uncommon trap: reason=unstable_if action=reinterpret pc=0x000001e9e914ac54 method=org.eclipse.core.internal.utils.StringPool.add(Ljava/lang/String;)Ljava/lang/String; @ 1 c2
Event: 1205.575 Thread 0x000001e9fb6b5d70 DEOPT PACKING pc=0x000001e9e914ac54 sp=0x0000004d87dfed60
Event: 1205.575 Thread 0x000001e9fb6b5d70 DEOPT UNPACKING pc=0x000001e9e8a83aa2 sp=0x0000004d87dfed38 mode 2
Event: 2035.433 Thread 0x000001e9fb9b1910 Uncommon trap: trap_request=0xffffff45 fr.pc=0x000001e9e943af44 relative=0x0000000000000204
Event: 2035.433 Thread 0x000001e9fb9b1910 Uncommon trap: reason=unstable_if action=reinterpret pc=0x000001e9e943af44 method=org.eclipse.core.runtime.Path.computeLength()I @ 92 c2
Event: 2035.433 Thread 0x000001e9fb9b1910 DEOPT PACKING pc=0x000001e9e943af44 sp=0x0000004d85efe440
Event: 2035.433 Thread 0x000001e9fb9b1910 DEOPT UNPACKING pc=0x000001e9e8a83aa2 sp=0x0000004d85efe3b8 mode 2
Event: 2035.435 Thread 0x000001e9fb9b1910 Uncommon trap: trap_request=0xffffff45 fr.pc=0x000001e9e9444608 relative=0x0000000000001e48
Event: 2035.435 Thread 0x000001e9fb9b1910 Uncommon trap: reason=unstable_if action=reinterpret pc=0x000001e9e9444608 method=org.eclipse.jdt.internal.core.JavaModelCache.getInfo(Lorg/eclipse/jdt/core/IJavaElement;)Lorg/eclipse/jdt/internal/compiler/env/IElementInfo; @ 6 c2
Event: 2035.435 Thread 0x000001e9fb9b1910 DEOPT PACKING pc=0x000001e9e9444608 sp=0x0000004d85efe7c0
Event: 2035.435 Thread 0x000001e9fb9b1910 DEOPT UNPACKING pc=0x000001e9e8a83aa2 sp=0x0000004d85efe740 mode 2
Event: 2035.439 Thread 0x000001e9fb9b1910 Uncommon trap: trap_request=0xffffff66 fr.pc=0x000001e9e94a2b3c relative=0x000000000000449c
Event: 2035.439 Thread 0x000001e9fb9b1910 Uncommon trap: reason=speculate_class_check action=maybe_recompile pc=0x000001e9e94a2b3c method=org.eclipse.jdt.core.search.SearchPattern.findIndexMatches(Lorg/eclipse/jdt/internal/core/index/Index;Lorg/eclipse/jdt/internal/core/search/IndexQueryRequestor
Event: 2035.439 Thread 0x000001e9fb9b1910 DEOPT PACKING pc=0x000001e9e94a2b3c sp=0x0000004d85efdbd0
Event: 2035.439 Thread 0x000001e9fb9b1910 DEOPT UNPACKING pc=0x000001e9e8a83aa2 sp=0x0000004d85efdc40 mode 2
Event: 2035.439 Thread 0x000001e9fb9b1910 Uncommon trap: trap_request=0xffffff66 fr.pc=0x000001e9e94a2b3c relative=0x000000000000449c
Event: 2035.439 Thread 0x000001e9fb9b1910 Uncommon trap: reason=speculate_class_check action=maybe_recompile pc=0x000001e9e94a2b3c method=org.eclipse.jdt.core.search.SearchPattern.findIndexMatches(Lorg/eclipse/jdt/internal/core/index/Index;Lorg/eclipse/jdt/internal/core/search/IndexQueryRequestor
Event: 2035.439 Thread 0x000001e9fb9b1910 DEOPT PACKING pc=0x000001e9e94a2b3c sp=0x0000004d85efdbd0
Event: 2035.439 Thread 0x000001e9fb9b1910 DEOPT UNPACKING pc=0x000001e9e8a83aa2 sp=0x0000004d85efdc40 mode 2

Classes loaded (20 events):
Event: 31.862 Loading class sun/nio/cs/Surrogate
Event: 31.862 Loading class sun/nio/cs/Surrogate done
Event: 31.862 Loading class sun/util/locale/provider/TimeZoneNameUtility
Event: 31.862 Loading class sun/util/locale/provider/TimeZoneNameUtility done
Event: 31.862 Loading class sun/util/locale/provider/TimeZoneNameUtility$TimeZoneNameGetter
Event: 31.862 Loading class sun/util/locale/provider/TimeZoneNameUtility$TimeZoneNameGetter done
Event: 31.863 Loading class sun/util/cldr/CLDRTimeZoneNameProviderImpl
Event: 31.863 Loading class sun/util/locale/provider/TimeZoneNameProviderImpl
Event: 31.863 Loading class sun/util/locale/provider/TimeZoneNameProviderImpl done
Event: 31.863 Loading class sun/util/cldr/CLDRTimeZoneNameProviderImpl done
Event: 31.864 Loading class sun/util/resources/cldr/TimeZoneNames
Event: 31.865 Loading class sun/util/resources/TimeZoneNamesBundle
Event: 31.865 Loading class sun/util/resources/OpenListResourceBundle
Event: 31.865 Loading class sun/util/resources/OpenListResourceBundle done
Event: 31.865 Loading class sun/util/resources/TimeZoneNamesBundle done
Event: 31.865 Loading class sun/util/resources/cldr/TimeZoneNames done
Event: 31.865 Loading class sun/util/resources/cldr/TimeZoneNames_en
Event: 31.866 Loading class sun/util/resources/cldr/TimeZoneNames_en done
Event: 31.866 Loading class sun/util/resources/cldr/TimeZoneNames_en_US
Event: 31.866 Loading class sun/util/resources/cldr/TimeZoneNames_en_US done

Classes unloaded (7 events):
Event: 6.069 Thread 0x000001e9de39fa90 Unloading class 0x000001e9811a8c00 'java/lang/invoke/LambdaForm$MH+0x000001e9811a8c00'
Event: 6.069 Thread 0x000001e9de39fa90 Unloading class 0x000001e9811a8800 'java/lang/invoke/LambdaForm$MH+0x000001e9811a8800'
Event: 6.069 Thread 0x000001e9de39fa90 Unloading class 0x000001e9811a8400 'java/lang/invoke/LambdaForm$MH+0x000001e9811a8400'
Event: 6.069 Thread 0x000001e9de39fa90 Unloading class 0x000001e9811a8000 'java/lang/invoke/LambdaForm$MH+0x000001e9811a8000'
Event: 6.069 Thread 0x000001e9de39fa90 Unloading class 0x000001e9811a7c00 'java/lang/invoke/LambdaForm$BMH+0x000001e9811a7c00'
Event: 6.069 Thread 0x000001e9de39fa90 Unloading class 0x000001e9811a7800 'java/lang/invoke/LambdaForm$DMH+0x000001e9811a7800'
Event: 6.069 Thread 0x000001e9de39fa90 Unloading class 0x000001e9811a6400 'java/lang/invoke/LambdaForm$DMH+0x000001e9811a6400'

Classes redefined (0 events):
No events

Internal exceptions (20 events):
Event: 10.756 Thread 0x000001e9fb6b56e0 Exception <a 'java/lang/NoSuchMethodError'{0x00000000d5e99990}: 'java.lang.Object java.lang.invoke.DelegatingMethodHandle$Holder.reinvoke_L(java.lang.Object, int, long, java.lang.Object, java.lang.Object, int, java.lang.Object)'> (0x00000000d5e99990) 
thrown [s\src\hotspot\share\interpreter\linkResolver.cpp, line 773]
Event: 10.834 Thread 0x000001e9fb6b56e0 Exception <a 'java/lang/NoSuchMethodError'{0x00000000d568c7a0}: 'java.lang.Object java.lang.invoke.Invokers$Holder.invoke_MT(java.lang.Object, java.lang.Object, java.lang.Object, java.lang.Object, java.lang.Object, java.lang.Object, java.lang.Object, java.lang.Object, java.lang.Object, java.lang.Object)'> (0x00000000d568c7a0) 
thrown [s\src\hotspot\share\interpreter\linkResolver.cpp, line 773]
Event: 11.325 Thread 0x000001e9fb6b56e0 Exception <a 'java/io/FileNotFoundException'{0x00000000d62948d8}> (0x00000000d62948d8) 
thrown [s\src\hotspot\share\prims\jni.cpp, line 520]
Event: 11.325 Thread 0x000001e9fb6b56e0 Exception <a 'java/io/FileNotFoundException'{0x00000000d6295678}> (0x00000000d6295678) 
thrown [s\src\hotspot\share\prims\jni.cpp, line 520]
Event: 11.333 Thread 0x000001e9fb6b56e0 Exception <a 'sun/nio/fs/WindowsException'{0x00000000d5580bc8}> (0x00000000d5580bc8) 
thrown [s\src\hotspot\share\prims\jni.cpp, line 520]
Event: 11.333 Thread 0x000001e9fb6b56e0 Exception <a 'sun/nio/fs/WindowsException'{0x00000000d5581278}> (0x00000000d5581278) 
thrown [s\src\hotspot\share\prims\jni.cpp, line 520]
Event: 11.344 Thread 0x000001e9fb9b1280 Exception <a 'sun/nio/fs/WindowsException'{0x00000000d5604d78}> (0x00000000d5604d78) 
thrown [s\src\hotspot\share\prims\jni.cpp, line 520]
Event: 11.344 Thread 0x000001e9fb9b1280 Exception <a 'sun/nio/fs/WindowsException'{0x00000000d56056f8}> (0x00000000d56056f8) 
thrown [s\src\hotspot\share\prims\jni.cpp, line 520]
Event: 11.345 Thread 0x000001e9fb9b1280 Exception <a 'sun/nio/fs/WindowsException'{0x00000000d56065f8}> (0x00000000d56065f8) 
thrown [s\src\hotspot\share\prims\jni.cpp, line 520]
Event: 11.345 Thread 0x000001e9fb9b1280 Exception <a 'sun/nio/fs/WindowsException'{0x00000000d5606f58}> (0x00000000d5606f58) 
thrown [s\src\hotspot\share\prims\jni.cpp, line 520]
Event: 11.345 Thread 0x000001e9fb9b1280 Exception <a 'sun/nio/fs/WindowsException'{0x00000000d56087e8}> (0x00000000d56087e8) 
thrown [s\src\hotspot\share\prims\jni.cpp, line 520]
Event: 11.345 Thread 0x000001e9fb9b1280 Exception <a 'sun/nio/fs/WindowsException'{0x00000000d5609148}> (0x00000000d5609148) 
thrown [s\src\hotspot\share\prims\jni.cpp, line 520]
Event: 11.437 Thread 0x000001e9fb6b56e0 Exception <a 'java/io/FileNotFoundException'{0x00000000d59ee9f0}> (0x00000000d59ee9f0) 
thrown [s\src\hotspot\share\prims\jni.cpp, line 520]
Event: 11.437 Thread 0x000001e9fb6b56e0 Exception <a 'java/io/FileNotFoundException'{0x00000000d59ef770}> (0x00000000d59ef770) 
thrown [s\src\hotspot\share\prims\jni.cpp, line 520]
Event: 11.443 Thread 0x000001e9fb6b56e0 Exception <a 'java/lang/NoSuchMethodError'{0x00000000d5a122f0}: 'java.lang.Object java.lang.invoke.DirectMethodHandle$Holder.invokeStatic(java.lang.Object, java.lang.Object, int, java.lang.Object)'> (0x00000000d5a122f0) 
thrown [s\src\hotspot\share\interpreter\linkResolver.cpp, line 773]
Event: 11.444 Thread 0x000001e9fb6b56e0 Exception <a 'java/lang/NoSuchMethodError'{0x00000000d5a18a00}: 'java.lang.Object java.lang.invoke.DirectMethodHandle$Holder.newInvokeSpecial(java.lang.Object, java.lang.Object, int)'> (0x00000000d5a18a00) 
thrown [s\src\hotspot\share\interpreter\linkResolver.cpp, line 773]
Event: 57.232 Thread 0x000001e9fb09a9a0 Exception <a 'java/lang/IncompatibleClassChangeError'{0x00000000d5e02010}: Found class java.lang.Object, but interface was expected> (0x00000000d5e02010) 
thrown [s\src\hotspot\share\interpreter\linkResolver.cpp, line 840]
Event: 1205.575 Thread 0x000001e9fb6b5d70 Implicit null exception at 0x000001e9e914714e to 0x000001e9e914899c
Event: 1205.575 Thread 0x000001e9fb6b5d70 Implicit null exception at 0x000001e9e914a4a3 to 0x000001e9e914ac44
Event: 2035.431 Thread 0x000001e9fb9b1910 Exception <a 'java/lang/NoSuchMethodError'{0x00000000d580cef8}: 'java.lang.Object java.lang.invoke.DirectMethodHandle$Holder.invokeStaticInit(java.lang.Object, java.lang.Object, java.lang.Object)'> (0x00000000d580cef8) 
thrown [s\src\hotspot\share\interpreter\linkResolver.cpp, line 773]

ZGC Phase Switch (0 events):
No events

VM Operations (20 events):
Event: 9502.531 Executing VM operation: HandshakeAllThreads (HandshakeForDeflation)
Event: 9502.531 Executing VM operation: HandshakeAllThreads (HandshakeForDeflation) done
Event: 9502.531 Executing VM operation: RendezvousGCThreads
Event: 9502.531 Executing VM operation: RendezvousGCThreads done
Event: 9622.873 Executing VM operation: HandshakeAllThreads (HandshakeForDeflation)
Event: 9622.874 Executing VM operation: HandshakeAllThreads (HandshakeForDeflation) done
Event: 9622.874 Executing VM operation: RendezvousGCThreads
Event: 9622.874 Executing VM operation: RendezvousGCThreads done
Event: 9683.006 Executing VM operation: HandshakeAllThreads (HandshakeForDeflation)
Event: 9683.006 Executing VM operation: HandshakeAllThreads (HandshakeForDeflation) done
Event: 9683.006 Executing VM operation: RendezvousGCThreads
Event: 9683.006 Executing VM operation: RendezvousGCThreads done
Event: 9743.115 Executing VM operation: HandshakeAllThreads (HandshakeForDeflation)
Event: 9743.115 Executing VM operation: HandshakeAllThreads (HandshakeForDeflation) done
Event: 9743.116 Executing VM operation: RendezvousGCThreads
Event: 9743.116 Executing VM operation: RendezvousGCThreads done
Event: 9863.373 Executing VM operation: HandshakeAllThreads (HandshakeForDeflation)
Event: 9863.374 Executing VM operation: HandshakeAllThreads (HandshakeForDeflation) done
Event: 9863.374 Executing VM operation: RendezvousGCThreads
Event: 9863.375 Executing VM operation: RendezvousGCThreads done

Memory protections (0 events):
No events

Nmethod flushes (20 events):
Event: 57.593 Thread 0x000001e9de39fa90 flushing  nmethod 0x000001e9e1e24210
Event: 57.593 Thread 0x000001e9de39fa90 flushing  nmethod 0x000001e9e1e25790
Event: 57.593 Thread 0x000001e9de39fa90 flushing  nmethod 0x000001e9e1e26590
Event: 57.593 Thread 0x000001e9de39fa90 flushing  nmethod 0x000001e9e1e36790
Event: 57.593 Thread 0x000001e9de39fa90 flushing  nmethod 0x000001e9e1e37990
Event: 57.593 Thread 0x000001e9de39fa90 flushing  nmethod 0x000001e9e1e38910
Event: 57.593 Thread 0x000001e9de39fa90 flushing  nmethod 0x000001e9e1e3bc90
Event: 57.593 Thread 0x000001e9de39fa90 flushing  nmethod 0x000001e9e1e3d790
Event: 57.593 Thread 0x000001e9de39fa90 flushing  nmethod 0x000001e9e1e47990
Event: 57.593 Thread 0x000001e9de39fa90 flushing  nmethod 0x000001e9e1e48110
Event: 57.593 Thread 0x000001e9de39fa90 flushing  nmethod 0x000001e9e1e48490
Event: 57.593 Thread 0x000001e9de39fa90 flushing  nmethod 0x000001e9e1e48810
Event: 57.593 Thread 0x000001e9de39fa90 flushing  nmethod 0x000001e9e1e48d90
Event: 57.593 Thread 0x000001e9de39fa90 flushing  nmethod 0x000001e9e1e4dd10
Event: 57.593 Thread 0x000001e9de39fa90 flushing  nmethod 0x000001e9e1e59790
Event: 57.593 Thread 0x000001e9de39fa90 flushing  nmethod 0x000001e9e1e60c90
Event: 57.593 Thread 0x000001e9de39fa90 flushing  nmethod 0x000001e9e1e6cf90
Event: 57.593 Thread 0x000001e9de39fa90 flushing  nmethod 0x000001e9e1e6d290
Event: 57.593 Thread 0x000001e9de39fa90 flushing  nmethod 0x000001e9e1e6db90
Event: 57.593 Thread 0x000001e9de39fa90 flushing  nmethod 0x000001e9e1e6df10

Events (20 events):
Event: 71.369 Thread 0x000001e9fb09a310 Thread exited: 0x000001e9fb09a310
Event: 117.757 Thread 0x000001e9fb9b1280 Thread exited: 0x000001e9fb9b1280
Event: 131.466 Thread 0x000001e9fb6b56e0 Thread exited: 0x000001e9fb6b56e0
Event: 177.759 Thread 0x000001e9fb9af840 Thread exited: 0x000001e9fb9af840
Event: 237.769 Thread 0x000001e9fb9b5420 Thread exited: 0x000001e9fb9b5420
Event: 297.769 Thread 0x000001e9fb9b1910 Thread exited: 0x000001e9fb9b1910
Event: 354.785 Thread 0x000001e9fb09a9a0 Thread added: 0x000001e9fb9b2cc0
Event: 354.785 Thread 0x000001e9fb9b2cc0 Thread added: 0x000001e9fb9b1280
Event: 354.875 Thread 0x000001e9f4d6dc50 Thread added: 0x000001e9fca209a0
Event: 354.911 Thread 0x000001e9fb9b2cc0 Thread added: 0x000001e9fb9b2630
Event: 355.333 Thread 0x000001e9fb9b2cc0 Thread added: 0x000001e9fb9b1910
Event: 355.490 Thread 0x000001e9fca209a0 Thread exited: 0x000001e9fca209a0
Event: 415.499 Thread 0x000001e9fb9b2cc0 Thread exited: 0x000001e9fb9b2cc0
Event: 475.499 Thread 0x000001e9fb9b1280 Thread exited: 0x000001e9fb9b1280
Event: 535.505 Thread 0x000001e9fb9b1910 Thread exited: 0x000001e9fb9b1910
Event: 595.517 Thread 0x000001e9fb9b2630 Thread exited: 0x000001e9fb9b2630
Event: 2035.414 Thread 0x000001e9fb09a9a0 Thread added: 0x000001e9fb9b1910
Event: 2035.439 Thread 0x000001e9fb9b1910 Thread added: 0x000001e9fb9b2630
Event: 2095.468 Thread 0x000001e9fb9b1910 Thread exited: 0x000001e9fb9b1910
Event: 2155.468 Thread 0x000001e9fb9b2630 Thread exited: 0x000001e9fb9b2630


Dynamic libraries:
0x00007ff6229b0000 - 0x00007ff6229be000 	c:\Users\narai\.antigravity\extensions\redhat.java-1.52.0-win32-x64\jre\21.0.9-win32-x86_64\bin\java.exe
0x00007fffbda60000 - 0x00007fffbdcc7000 	C:\WINDOWS\SYSTEM32\ntdll.dll
0x00007fffbcfc0000 - 0x00007fffbd089000 	C:\WINDOWS\System32\KERNEL32.DLL
0x00007fffbae20000 - 0x00007fffbb20f000 	C:\WINDOWS\System32\KERNELBASE.dll
0x00007fffbb490000 - 0x00007fffbb5db000 	C:\WINDOWS\System32\ucrtbase.dll
0x00007fffa0860000 - 0x00007fffa0878000 	c:\Users\narai\.antigravity\extensions\redhat.java-1.52.0-win32-x64\jre\21.0.9-win32-x86_64\bin\jli.dll
0x00007fffbc180000 - 0x00007fffbc345000 	C:\WINDOWS\System32\USER32.dll
0x00007fffbb2e0000 - 0x00007fffbb307000 	C:\WINDOWS\System32\win32u.dll
0x00007fffbb850000 - 0x00007fffbb87b000 	C:\WINDOWS\System32\GDI32.dll
0x00007fffbacf0000 - 0x00007fffbae1c000 	C:\WINDOWS\System32\gdi32full.dll
0x00007fffbb750000 - 0x00007fffbb7f3000 	C:\WINDOWS\System32\msvcp_win.dll
0x00007fff9fe80000 - 0x00007fff9fe9e000 	c:\Users\narai\.antigravity\extensions\redhat.java-1.52.0-win32-x64\jre\21.0.9-win32-x86_64\bin\VCRUNTIME140.dll
0x00007fffa2cf0000 - 0x00007fffa2f83000 	C:\WINDOWS\WinSxS\amd64_microsoft.windows.common-controls_6595b64144ccf1df_6.0.26100.7309_none_3e05feeae336a044\COMCTL32.dll
0x00007fffbb890000 - 0x00007fffbb939000 	C:\WINDOWS\System32\msvcrt.dll
0x00007fffbc9c0000 - 0x00007fffbc9f1000 	C:\WINDOWS\System32\IMM32.DLL
0x00007fffb7480000 - 0x00007fffb748c000 	c:\Users\narai\.antigravity\extensions\redhat.java-1.52.0-win32-x64\jre\21.0.9-win32-x86_64\bin\vcruntime140_1.dll
0x00007fff8bb00000 - 0x00007fff8bb8d000 	c:\Users\narai\.antigravity\extensions\redhat.java-1.52.0-win32-x64\jre\21.0.9-win32-x86_64\bin\msvcp140.dll
0x00007fff02830000 - 0x00007fff035d0000 	c:\Users\narai\.antigravity\extensions\redhat.java-1.52.0-win32-x64\jre\21.0.9-win32-x86_64\bin\server\jvm.dll
0x00007fffbc350000 - 0x00007fffbc404000 	C:\WINDOWS\System32\ADVAPI32.dll
0x00007fffbb940000 - 0x00007fffbb9e6000 	C:\WINDOWS\System32\sechost.dll
0x00007fffbd900000 - 0x00007fffbda18000 	C:\WINDOWS\System32\RPCRT4.dll
0x00007fffbc410000 - 0x00007fffbc484000 	C:\WINDOWS\System32\WS2_32.dll
0x00007fffbaa10000 - 0x00007fffbaa6e000 	C:\WINDOWS\SYSTEM32\POWRPROF.dll
0x00007fffb3760000 - 0x00007fffb3795000 	C:\WINDOWS\SYSTEM32\WINMM.dll
0x00007fffb37a0000 - 0x00007fffb37ab000 	C:\WINDOWS\SYSTEM32\VERSION.dll
0x00007fffba9f0000 - 0x00007fffbaa04000 	C:\WINDOWS\SYSTEM32\UMPDC.dll
0x00007fffb9960000 - 0x00007fffb997b000 	C:\WINDOWS\SYSTEM32\kernel.appcore.dll
0x00007fffb7400000 - 0x00007fffb740a000 	c:\Users\narai\.antigravity\extensions\redhat.java-1.52.0-win32-x64\jre\21.0.9-win32-x86_64\bin\jimage.dll
0x00007fffb8380000 - 0x00007fffb85c2000 	C:\WINDOWS\SYSTEM32\DBGHELP.DLL
0x00007fffbca00000 - 0x00007fffbcd86000 	C:\WINDOWS\System32\combase.dll
0x00007fffbce20000 - 0x00007fffbcef6000 	C:\WINDOWS\System32\OLEAUT32.dll
0x00007fffa5780000 - 0x00007fffa57bc000 	C:\WINDOWS\SYSTEM32\dbgcore.DLL
0x00007fffbac40000 - 0x00007fffbace5000 	C:\WINDOWS\System32\bcryptPrimitives.dll
0x00007fffb73f0000 - 0x00007fffb73ff000 	c:\Users\narai\.antigravity\extensions\redhat.java-1.52.0-win32-x64\jre\21.0.9-win32-x86_64\bin\instrument.dll
0x00007fffa5920000 - 0x00007fffa5940000 	c:\Users\narai\.antigravity\extensions\redhat.java-1.52.0-win32-x64\jre\21.0.9-win32-x86_64\bin\java.dll
0x00007fffbba20000 - 0x00007fffbc173000 	C:\WINDOWS\System32\SHELL32.dll
0x00007fffbb5e0000 - 0x00007fffbb74a000 	C:\WINDOWS\System32\wintypes.dll
0x00007fffb8780000 - 0x00007fffb8fde000 	C:\WINDOWS\SYSTEM32\windows.storage.dll
0x00007fffbd370000 - 0x00007fffbd465000 	C:\WINDOWS\System32\SHCORE.dll
0x00007fffbd300000 - 0x00007fffbd366000 	C:\WINDOWS\System32\shlwapi.dll
0x00007fffbaad0000 - 0x00007fffbaaf9000 	C:\WINDOWS\SYSTEM32\profapi.dll
0x00007fffa5810000 - 0x00007fffa5828000 	c:\Users\narai\.antigravity\extensions\redhat.java-1.52.0-win32-x64\jre\21.0.9-win32-x86_64\bin\zip.dll
0x00007fffb06a0000 - 0x00007fffb06b0000 	C:\Users\narai\.antigravity\extensions\redhat.java-1.52.0-win32-x64\jre\21.0.9-win32-x86_64\bin\net.dll
0x00007fffb0790000 - 0x00007fffb08b8000 	C:\WINDOWS\SYSTEM32\WINHTTP.dll
0x00007fffb9ed0000 - 0x00007fffb9f3b000 	C:\WINDOWS\system32\mswsock.dll
0x00007fff9fb80000 - 0x00007fff9fb96000 	C:\Users\narai\.antigravity\extensions\redhat.java-1.52.0-win32-x64\jre\21.0.9-win32-x86_64\bin\nio.dll
0x00007fffad500000 - 0x00007fffad510000 	c:\Users\narai\.antigravity\extensions\redhat.java-1.52.0-win32-x64\jre\21.0.9-win32-x86_64\bin\verify.dll
0x00007fff8afa0000 - 0x00007fff8afe5000 	C:\Users\narai\AppData\Roaming\Antigravity\User\globalStorage\redhat.java\1.52.0\config_win\org.eclipse.equinox.launcher\org.eclipse.equinox.launcher.win32.win32.x86_64_1.2.1500.v20260121-1430\eclipse_11919.dll
0x00007fffbd570000 - 0x00007fffbd707000 	C:\WINDOWS\System32\ole32.dll
0x00007fffba190000 - 0x00007fffba1ab000 	C:\WINDOWS\SYSTEM32\CRYPTSP.dll
0x00007fffb98c0000 - 0x00007fffb98fa000 	C:\WINDOWS\system32\rsaenh.dll
0x00007fffb9f80000 - 0x00007fffb9fab000 	C:\WINDOWS\SYSTEM32\USERENV.dll
0x00007fffbaaa0000 - 0x00007fffbaaca000 	C:\WINDOWS\SYSTEM32\bcrypt.dll
0x00007fffba1b0000 - 0x00007fffba1bc000 	C:\WINDOWS\SYSTEM32\CRYPTBASE.dll
0x00007fffb9330000 - 0x00007fffb9364000 	C:\WINDOWS\SYSTEM32\IPHLPAPI.DLL
0x00007fffbd710000 - 0x00007fffbd71a000 	C:\WINDOWS\System32\NSI.dll
0x00007fff8f150000 - 0x00007fff8f199000 	C:\Users\narai\AppData\Local\Temp\jna-104589703\jna3069585933517089666.dll
0x00007fffbc9b0000 - 0x00007fffbc9b8000 	C:\WINDOWS\System32\PSAPI.DLL
0x00007fffb3c40000 - 0x00007fffb3c5e000 	C:\WINDOWS\SYSTEM32\dhcpcsvc6.DLL
0x00007fffb3c10000 - 0x00007fffb3c33000 	C:\WINDOWS\SYSTEM32\dhcpcsvc.DLL
0x00007fff4f7e0000 - 0x00007fff4f807000 	C:\Users\narai\.gradle\native\1def1411415f61bf3af743bc5b6707747c0891f09f0c88961ee8f79bc544acac\windows-amd64\native-platform.dll
0x00007fffae660000 - 0x00007fffae66a000 	C:\Users\narai\.antigravity\extensions\redhat.java-1.52.0-win32-x64\jre\21.0.9-win32-x86_64\bin\management.dll
0x00007fffaa770000 - 0x00007fffaa77c000 	C:\Users\narai\.antigravity\extensions\redhat.java-1.52.0-win32-x64\jre\21.0.9-win32-x86_64\bin\management_ext.dll

JVMTI agents:
c:\Users\narai\.antigravity\extensions\redhat.java-1.52.0-win32-x64\lombok\lombok-1.18.39-4050.jar path:c:\Users\narai\.antigravity\extensions\redhat.java-1.52.0-win32-x64\jre\21.0.9-win32-x86_64\bin\instrument.dll, loaded, initialized, instrumentlib options:none

dbghelp: loaded successfully - version: 4.0.5 - missing functions: none
symbol engine: initialized successfully - sym options: 0x614 - pdb path: .;c:\Users\narai\.antigravity\extensions\redhat.java-1.52.0-win32-x64\jre\21.0.9-win32-x86_64\bin;C:\WINDOWS\SYSTEM32;C:\WINDOWS\WinSxS\amd64_microsoft.windows.common-controls_6595b64144ccf1df_6.0.26100.7309_none_3e05feeae336a044;c:\Users\narai\.antigravity\extensions\redhat.java-1.52.0-win32-x64\jre\21.0.9-win32-x86_64\bin\server;C:\Users\narai\AppData\Roaming\Antigravity\User\globalStorage\redhat.java\1.52.0\config_win\org.eclipse.equinox.launcher\org.eclipse.equinox.launcher.win32.win32.x86_64_1.2.1500.v20260121-1430;C:\Users\narai\AppData\Local\Temp\jna-104589703;C:\Users\narai\.gradle\native\1def1411415f61bf3af743bc5b6707747c0891f09f0c88961ee8f79bc544acac\windows-amd64

VM Arguments:
jvm_args: --add-modules=ALL-SYSTEM --add-opens=java.base/java.util=ALL-UNNAMED --add-opens=java.base/java.lang=ALL-UNNAMED --add-opens=java.base/sun.nio.fs=ALL-UNNAMED -Declipse.application=org.eclipse.jdt.ls.core.id1 -Dosgi.bundles.defaultStartLevel=4 -Declipse.product=org.eclipse.jdt.ls.core.product -Djava.import.generatesMetadataFilesAtProjectRoot=false -DDetectVMInstallationsJob.disabled=true -Dfile.encoding=utf8 -XX:+UseParallelGC -XX:GCTimeRatio=4 -XX:AdaptiveSizePolicyWeight=90 -Dsun.zip.disableMemoryMapping=true -Xmx2G -Xms100m -Xlog:disable -javaagent:c:\Users\narai\.antigravity\extensions\redhat.java-1.52.0-win32-x64\lombok\lombok-1.18.39-4050.jar -XX:+HeapDumpOnOutOfMemoryError -XX:HeapDumpPath=c:\Users\narai\AppData\Roaming\Antigravity\User\workspaceStorage\5dff2b6678840aed3e0db990261cec4c\redhat.java -Daether.dependencyCollector.impl=bf 
java_command: c:\Users\narai\.antigravity\extensions\redhat.java-1.52.0-win32-x64\server\plugins\org.eclipse.equinox.launcher_1.7.100.v20251111-0406.jar -configuration c:\Users\narai\AppData\Roaming\Antigravity\User\globalStorage\redhat.java\1.52.0\config_win -data c:\Users\narai\AppData\Roaming\Antigravity\User\workspaceStorage\5dff2b6678840aed3e0db990261cec4c\redhat.java\jdt_ws --pipe=\\.\pipe\lsp-07f527668d92a9c65e452b87d4bc1b99-sock
java_class_path (initial): c:\Users\narai\.antigravity\extensions\redhat.java-1.52.0-win32-x64\server\plugins\org.eclipse.equinox.launcher_1.7.100.v20251111-0406.jar
Launcher Type: SUN_STANDARD

[Global flags]
    uintx AdaptiveSizePolicyWeight                 = 90                                        {product} {command line}
     intx CICompilerCount                          = 3                                         {product} {ergonomic}
    uintx GCTimeRatio                              = 4                                         {product} {command line}
     bool HeapDumpOnOutOfMemoryError               = true                                   {manageable} {command line}
    ccstr HeapDumpPath                             = c:\Users\narai\AppData\Roaming\Antigravity\User\workspaceStorage\5dff2b6678840aed3e0db990261cec4c\redhat.java         {manageable} {command line}
   size_t InitialHeapSize                          = 104857600                                 {product} {command line}
   size_t MaxHeapSize                              = 2147483648                                {product} {command line}
   size_t MaxNewSize                               = 715653120                                 {product} {ergonomic}
   size_t MinHeapDeltaBytes                        = 524288                                    {product} {ergonomic}
   size_t MinHeapSize                              = 104857600                                 {product} {command line}
   size_t NewSize                                  = 34603008                                  {product} {ergonomic}
    uintx NonNMethodCodeHeapSize                   = 5832780                                {pd product} {ergonomic}
    uintx NonProfiledCodeHeapSize                  = 122912730                              {pd product} {ergonomic}
   size_t OldSize                                  = 70254592                                  {product} {ergonomic}
    uintx ProfiledCodeHeapSize                     = 122912730                              {pd product} {ergonomic}
    uintx ReservedCodeCacheSize                    = 251658240                              {pd product} {ergonomic}
     bool SegmentedCodeCache                       = true                                      {product} {ergonomic}
   size_t SoftMaxHeapSize                          = 2147483648                             {manageable} {ergonomic}
     bool UseCompressedOops                        = true                           {product lp64_product} {ergonomic}
     bool UseLargePagesIndividualAllocation        = false                                  {pd product} {ergonomic}
     bool UseParallelGC                            = true                                      {product} {command line}

Logging:
Log output configuration:
 #0: stdout all=off uptime,level,tags foldmultilines=false
 #1: stderr all=off uptime,level,tags foldmultilines=false

Release file:
JAVA_VERSION="21.0.9" 
MODULES="java.base java.compiler java.datatransfer java.xml java.prefs java.desktop java.instrument java.logging java.management java.security.sasl java.naming java.rmi java.management.rmi java.net.http java.scripting java.security.jgss java.transaction.xa java.sql java.sql.rowset java.xml.crypto java.se java.smartcardio jdk.accessibility jdk.internal.jvmstat jdk.attach jdk.charsets jdk.internal.opt jdk.zipfs jdk.compiler jdk.crypto.ec jdk.crypto.cryptoki jdk.crypto.mscapi jdk.dynalink jdk.internal.ed jdk.editpad jdk.hotspot.agent jdk.httpserver jdk.internal.le jdk.internal.vm.ci jdk.internal.vm.compiler jdk.internal.vm.compiler.management jdk.jartool jdk.javadoc jdk.jcmd jdk.management jdk.management.agent jdk.jconsole jdk.jdeps jdk.jdwp.agent jdk.jdi jdk.jfr jdk.jshell jdk.jsobject jdk.jstatd jdk.localedata jdk.management.jfr jdk.naming.dns jdk.naming.rmi jdk.net jdk.nio.mapmode jdk.random jdk.sctp jdk.security.auth jdk.security.jgss jdk.unsupported jdk.unsupported.desktop jdk.xml.dom" 

Environment Variables:
JAVA_HOME=C:\Program Files\Android\Android Studio\jbr
PATH=C:\WINDOWS\system32;C:\WINDOWS;C:\WINDOWS\System32\Wbem;C:\WINDOWS\System32\WindowsPowerShell\v1.0\;C:\WINDOWS\System32\OpenSSH\;C:\Program Files\Docker\Docker\resources\bin;C:\Users\narai\AppData\Local\nvm;C:\nvm4w\nodejs;C:\Program Files\nodejs\;C:\Program Files\Git\cmd;C:\Program Files (x86)\Google\Cloud SDK\google-cloud-sdk\bin;C:\ProgramData\chocolatey\bin;C:\ProgramData\chocolatey\lib\maven\apache-maven-3.9.12\bin;C:\Users\narai\AppData\Local\Microsoft\WindowsApps;C:\Users\narai\AppData\Local\nvm;C:\nvm4w\nodejs;C:\Users\narai\AppData\Roaming\npm;C:\Program Files\Android\Android Studio\jbr\bin;C:\Users\narai\AppData\Local\Programs\Antigravity\bin;D:\Softwares\cursor\resources\app\bin
USERNAME=narai
OS=Windows_NT
PROCESSOR_IDENTIFIER=AMD64 Family 23 Model 96 Stepping 1, AuthenticAMD
TMP=C:\Users\narai\AppData\Local\Temp
TEMP=C:\Users\narai\AppData\Local\Temp




Periodic native trim disabled

---------------  S Y S T E M  ---------------

OS:
 Windows 11 , 64 bit Build 26100 (10.0.26100.7623)
OS uptime: 0 days 4:22 hours
Hyper-V role detected

CPU: total 6 (initial active 6) (6 cores per cpu, 1 threads per core) family 23 model 96 stepping 1 microcode 0x860010c, cx8, cmov, fxsr, mmx, 3dnowpref, sse, sse2, sse3, ssse3, sse4a, sse4.1, sse4.2, popcnt, lzcnt, tsc, tscinvbit, avx, avx2, aes, clmul, bmi1, bmi2, adx, sha, fma, vzeroupper, clflush, clflushopt, hv, rdtscp, rdpid, f16c
Processor Information for the first 6 processors :
  Max Mhz: 2375, Current Mhz: 2375, Mhz Limit: 2375

Memory: 4k page, system-wide physical 32115M (1106M free)
TotalPageFile size 63471M (AvailPageFile size 86M)
current process WorkingSet (physical memory assigned to process): 8M, peak: 343M
current process commit charge ("private bytes"): 372M, peak: 403M

vm_info: OpenJDK 64-Bit Server VM (21.0.9+10-LTS) for windows-amd64 JRE (21.0.9+10-LTS), built on 2025-10-21T00:00:00Z by "admin" with unknown MS VC++:1942

END.
